// Jest Snapshot v1, https://goo.gl/fbAQLP

exports[`<FullpageInformation.test /> should render the texts 1`] = `
.c0 {
  background-color: #444877;
  color: #fff;
  width: 100%;
  height: 100%;
  padding: 3rem;
  text-align: center;
  display: -webkit-box;
  display: -webkit-flex;
  display: -ms-flexbox;
  display: flex;
  -webkit-flex-direction: column;
  -ms-flex-direction: column;
  flex-direction: column;
  -webkit-align-items: center;
  -webkit-box-align: center;
  -ms-flex-align: center;
  align-items: center;
  -webkit-box-pack: center;
  -webkit-justify-content: center;
  -ms-flex-pack: center;
  justify-content: center;
}

.c2 {
  margin-top: 1.5rem;
  font-size: 4.5rem;
}

.c3 {
  font-size: 3rem;
  font-weight: 400;
}

.c1 {
  margin-top: 3rem;
  width: min(30rem,100%);
}

<main
  class="c0"
>
  <img
    alt="Um desenvolvedor de frente para uma tela com cÃ³digo."
    class="c1"
    src="/img/hero-illustration.svg"
  />
  <h1
    class="c2"
  >
    Website in works
  </h1>
  <p
    class="c3"
  >
    Come back later!
  </p>
</main>
`
